// Jest Snapshot v1, https://goo.gl/fbAQLP

exports[`login component renders properly 1`] = `
<div>
  <Nav
    link="/register"
    linkTitle="Register"
  />
  <Header />
  <LoginForm />
</div>
`;
