// Jest Snapshot v1, https://goo.gl/fbAQLP

exports[`nav component renders properly 1`] = `
<nav
  className="navbar navbar-expand-sm navbar-dark bg-dark"
>
  <button
    aria-controls="navbarSupportedContent"
    aria-expanded="false"
    aria-label="Toggle navigation"
    className="navbar-toggler"
    data-target="#navbarSupportedContent"
    data-toggle="collapse"
    type="button"
  >
    <span
      className="navbar-toggler-icon"
    />
  </button>
  <div
    className="collapse navbar-collapse"
    id="navbarSupportedContent"
  >
    <ul
      className="navbar-nav mr-auto"
    >
      <li
        className="nav-item"
      >
        <Link
          className="nav-link"
          replace={false}
          to="register"
        >
          Register
        </Link>
      </li>
    </ul>
  </div>
</nav>
`;
