// Jest Snapshot v1, https://goo.gl/fbAQLP

exports[`recipes component renders properly 1`] = `
<div>
  <AddRecipe
    categoryId={9}
    getRecipes={[Function]}
  />
</div>
`;
